// Jest Snapshot v1, https://goo.gl/fbAQLP

exports[`FAIcon should FAIcon render correctly 1`] = `
<FontAwesomeIcon
  border={false}
  className=""
  color="red"
  fixedWidth={false}
  flip={null}
  icon="calendar"
  inverse={false}
  listItem={false}
  mask={null}
  pull={null}
  pulse={false}
  rotation={null}
  size="sm"
  spin={false}
  swapOpacity={false}
  symbol={false}
  title=""
  transform={null}
/>
`;
