// Jest Snapshot v1, https://goo.gl/fbAQLP

exports[`GetToKnowMeForm should render correctly 1`] = `
<Unknown
  subtitle="All information is visible to anyone on UMG Central."
  subtitleClass="gray-600 font-size-sm d-lg-inline ml-lg-4 form-user-desc-subtitle"
  title="Get to know me"
  titleClass="text-upper d-lg-inline flex-row font-size-md mb-0"
  topBorder="darkTurquoise"
  wrapperClass="h-100"
>
  <ForwardRef
    className="font-size-sm w-100 form-user-description mt-4"
    inline={false}
  >
    <ForwardRef
      className="d-flex justify-content-between"
    >
      <ForwardRef>
        <ForwardRef
          className="pr-md-2"
          controlId="formNickname"
        >
          <Unknown
            allowCheckbox={false}
            className="font-weight-bold text-condensed font-size-base"
            controlId="nickname"
            label="Nickname"
            name="nickname"
            type="text"
            value="Janie"
          />
        </ForwardRef>
      </ForwardRef>
    </ForwardRef>
    <ForwardRef>
      <ForwardRef
        lg={3}
        md={7}
      >
        <ForwardRef
          controlId="formBirthMonth"
        >
          <ForwardRef
            className="font-weight-bold text-condensed font-size-base"
            column={false}
            srOnly={false}
          >
            Birthday
          </ForwardRef>
          <ForwardRef
            as="select"
            name="birthMonth"
            value="January"
          >
            <option
              selected={true}
              value=""
            >
              N/A
            </option>
            <option
              value="January"
            >
              January
            </option>
            <option
              value="February"
            >
              February
            </option>
            <option
              value="March"
            >
              March
            </option>
            <option
              value="April"
            >
              April
            </option>
            <option
              value="May"
            >
              May
            </option>
            <option
              value="June"
            >
              June
            </option>
            <option
              value="July"
            >
              July
            </option>
            <option
              value="August"
            >
              August
            </option>
            <option
              value="September"
            >
              September
            </option>
            <option
              value="October"
            >
              October
            </option>
            <option
              value="November"
            >
              November
            </option>
            <option
              value="December"
            >
              December
            </option>
          </ForwardRef>
        </ForwardRef>
      </ForwardRef>
      <ForwardRef
        className="paddingRight"
        lg={3}
        md={7}
      >
        <ForwardRef
          className="day-dropdown"
          controlId="formBirthday"
        >
          <ForwardRef
            as="select"
            name="birthday"
            value="1"
          >
            <option
              selected={true}
              value=""
            >
              N/A
            </option>
            <option
              value="1"
            >
              1
            </option>
            <option
              value="2"
            >
              2
            </option>
            <option
              value="3"
            >
              3
            </option>
            <option
              value="4"
            >
              4
            </option>
            <option
              value="5"
            >
              5
            </option>
            <option
              value="6"
            >
              6
            </option>
            <option
              value="7"
            >
              7
            </option>
            <option
              value="8"
            >
              8
            </option>
            <option
              value="9"
            >
              9
            </option>
            <option
              value="10"
            >
              10
            </option>
            <option
              value="11"
            >
              11
            </option>
            <option
              value="12"
            >
              12
            </option>
            <option
              value="13"
            >
              13
            </option>
            <option
              value="14"
            >
              14
            </option>
            <option
              value="15"
            >
              15
            </option>
            <option
              value="16"
            >
              16
            </option>
            <option
              value="17"
            >
              17
            </option>
            <option
              value="18"
            >
              18
            </option>
            <option
              value="19"
            >
              19
            </option>
            <option
              value="20"
            >
              20
            </option>
            <option
              value="21"
            >
              21
            </option>
            <option
              value="22"
            >
              22
            </option>
            <option
              value="23"
            >
              23
            </option>
            <option
              value="24"
            >
              24
            </option>
            <option
              value="25"
            >
              25
            </option>
            <option
              value="26"
            >
              26
            </option>
            <option
              value="27"
            >
              27
            </option>
            <option
              value="28"
            >
              28
            </option>
            <option
              value="29"
            >
              29
            </option>
            <option
              value="30"
            >
              30
            </option>
            <option
              value="31"
            >
              31
            </option>
          </ForwardRef>
        </ForwardRef>
      </ForwardRef>
      <ForwardRef
        lg={3}
        md={7}
      >
        <ForwardRef
          controlId="formAnniversayMonth"
        >
          <ForwardRef
            className="font-weight-bold text-condensed font-size-base"
            column={false}
            srOnly={false}
          >
            Work Anniversary
          </ForwardRef>
          <ForwardRef
            as="select"
            name="anniversaryMonth"
            value="December"
          >
            <option
              selected={true}
              value=""
            >
              N/A
            </option>
            <option
              value="January"
            >
              January
            </option>
            <option
              value="February"
            >
              February
            </option>
            <option
              value="March"
            >
              March
            </option>
            <option
              value="April"
            >
              April
            </option>
            <option
              value="May"
            >
              May
            </option>
            <option
              value="June"
            >
              June
            </option>
            <option
              value="July"
            >
              July
            </option>
            <option
              value="August"
            >
              August
            </option>
            <option
              value="September"
            >
              September
            </option>
            <option
              value="October"
            >
              October
            </option>
            <option
              value="November"
            >
              November
            </option>
            <option
              value="December"
            >
              December
            </option>
          </ForwardRef>
        </ForwardRef>
      </ForwardRef>
      <ForwardRef
        lg={3}
        md={5}
      >
        <ForwardRef
          className="day-dropdown"
          controlId="formAnniversayday"
        >
          <ForwardRef
            as="select"
            name="anniversaryDay"
            value="11"
          >
            <option
              selected={true}
              value=""
            >
              N/A
            </option>
            <option
              value="1"
            >
              1
            </option>
            <option
              value="2"
            >
              2
            </option>
            <option
              value="3"
            >
              3
            </option>
            <option
              value="4"
            >
              4
            </option>
            <option
              value="5"
            >
              5
            </option>
            <option
              value="6"
            >
              6
            </option>
            <option
              value="7"
            >
              7
            </option>
            <option
              value="8"
            >
              8
            </option>
            <option
              value="9"
            >
              9
            </option>
            <option
              value="10"
            >
              10
            </option>
            <option
              value="11"
            >
              11
            </option>
            <option
              value="12"
            >
              12
            </option>
            <option
              value="13"
            >
              13
            </option>
            <option
              value="14"
            >
              14
            </option>
            <option
              value="15"
            >
              15
            </option>
            <option
              value="16"
            >
              16
            </option>
            <option
              value="17"
            >
              17
            </option>
            <option
              value="18"
            >
              18
            </option>
            <option
              value="19"
            >
              19
            </option>
            <option
              value="20"
            >
              20
            </option>
            <option
              value="21"
            >
              21
            </option>
            <option
              value="22"
            >
              22
            </option>
            <option
              value="23"
            >
              23
            </option>
            <option
              value="24"
            >
              24
            </option>
            <option
              value="25"
            >
              25
            </option>
            <option
              value="26"
            >
              26
            </option>
            <option
              value="27"
            >
              27
            </option>
            <option
              value="28"
            >
              28
            </option>
            <option
              value="29"
            >
              29
            </option>
            <option
              value="30"
            >
              30
            </option>
            <option
              value="31"
            >
              31
            </option>
          </ForwardRef>
        </ForwardRef>
      </ForwardRef>
    </ForwardRef>
    <ForwardRef>
      <ForwardRef>
        <ForwardRef
          className="pr-md-2"
          controlId="formLanguagesSpoken"
        >
          <Unknown
            allowCheckbox={false}
            className="font-weight-bold text-condensed font-size-base"
            controlId="formLanguagesSpoken"
            label="Languages Spoken"
            name="languagesSpoken"
            type="text"
            value="English, Spanish"
          />
        </ForwardRef>
      </ForwardRef>
    </ForwardRef>
    <Unknown
      className="font-weight-bold text-condensed font-size-base"
      controlId="formSkills"
      label="Professional Skills"
      name="professionalSkills"
      rows={3}
      value="Lorem Ipsum is simply dummy text of the printing and typesetting     industry. Lorem Ipsum has been the industry\\\\'s standard dummy text ever since the 1500s, when an unknown printer took a galley of type and scrambled it to make a type specimen book. It has survived not only five centuries."
    />
    <Unknown
      className="font-weight-bold text-condensed font-size-base"
      controlId="formCurrentlyWorking"
      label="What I'm currently working on"
      name="currentlyWorking"
      rows={3}
      value="Lorem ipsum dolor sit amet, consectetur adipiscing elit, sed do eiusmod tempor incididunt ut labore et dolore magna aliqua Lorem ipsum dolor sit amet, consectetur adipiscing elit, sed do eiusmod tempor incididunt ut labore et dolore magna aliqua."
    />
    <Unknown
      className="font-weight-bold text-condensed font-size-base"
      controlId="formAboutme"
      label="Something about me"
      name="aboutMe"
      rows={3}
      value="Ut enim ad minim veniam, quis nostrud exercitation ullamco laboris nisi ut aliquip ex ea commodo consequat. Duis aute irure dolor in reprehenderit in voluptate velit esse cillum dolore eu fugiat nulla pariatur."
    />
    <ForwardRef
      className="mt-2 mb-2"
    >
      <ForwardRef
        className="d-flex justify-content-end mt-2"
        md={12}
      >
        <Unknown
          className="cancel-button text-underlined text-upper border border-0 mr-3"
          handleClick={[Function]}
          title="Cancel"
          uniqueIdentifier="ok"
        />
        <Unknown
          className="text-upper"
          handleClick={[Function]}
          title="Save"
          uniqueIdentifier="ok"
        />
      </ForwardRef>
    </ForwardRef>
  </ForwardRef>
</Unknown>
`;

exports[`GetToKnowMeForm should render correctly 2`] = `
<Unknown
  subtitle="All information is visible to anyone on UMG Central."
  subtitleClass="gray-600 font-size-sm d-lg-inline ml-lg-4 form-user-desc-subtitle"
  title="Contact Me"
  titleClass="font-size-md font-weight-bold text-uppercase d-lg-inline flex-row mb-0"
  topBorder="darkTurquoise"
  wrapperClass="h-100"
>
  <ForwardRef
    className="form-user-description mt-4"
    inline={false}
  >
    <ForwardRef>
      <ForwardRef>
        <ForwardRef
          className="pr-md-2"
          controlId="formMobile"
        >
          <Unknown
            allowCheckbox={false}
            className="font-weight-bold text-condensed"
            controlId="formMobile"
            label="Mobile"
            name="mobileNumber"
            placeholder="+1 999 999 9999"
            type="tel"
            value="9900990099"
          />
        </ForwardRef>
      </ForwardRef>
    </ForwardRef>
    <ForwardRef
      className="mt-2 mb-2"
    >
      <ForwardRef
        className="d-flex justify-content-end mt-2"
        md={12}
      >
        <Unknown
          className="cancel-button text-underlined text-upper border border-0 mr-3"
          handleClick={[Function]}
          title="Cancel"
          uniqueIdentifier="ok"
        />
        <Unknown
          className="text-upper"
          handleClick={[Function]}
          title="Save"
          uniqueIdentifier="ok"
        />
      </ForwardRef>
    </ForwardRef>
  </ForwardRef>
</Unknown>
`;
